
 RUN  v3.2.4 /Users/tsoy/Documents/wizico-projects/axel-sol/frontend

 ✓ src/components/shared/RpcErrorBoundary.test.tsx (3 tests) 493ms
   ✓ RpcErrorBoundary > renders standard fallback UI when error is thrown  379ms
 ✓ src/components/features/payouts/__tests__/PayoutHistoryTable.test.tsx (3 tests) 553ms
   ✓ PayoutHistoryTable > renders mock data properly mapped to columns  403ms
 ✓ src/components/ui/__tests__/DataTable.test.tsx (4 tests) 728ms
   ✓ DataTable > sorts data ascending and descending  482ms
 ❯ src/components/dashboard/__tests__/RevenuePeriodsCard.test.tsx (2 tests | 1 failed) 183ms
   ✓ RevenuePeriodsCard > renders nothing when empty 32ms
   × RevenuePeriodsCard > renders filled periods correctly with status buttons 149ms
     → useToast must be used within a ToastProvider
 ✓ src/components/invest/__tests__/InvestModal.test.tsx (5 tests) 601ms
 ✓ src/components/ui/toast/__tests__/Toast.test.tsx (2 tests) 537ms
   ✓ ToastSystem > closes early on manual close  333ms
 ✓ src/components/__tests__/ProgressBar.test.tsx (4 tests) 403ms
   ✓ ProgressBar > renders correctly with given progress  346ms
 ✓ src/components/__tests__/asset/AssetHeader.test.tsx (1 test) 116ms
 ✓ src/components/dashboard/__tests__/ClaimAllButton.test.tsx (5 tests) 381ms
 ✓ src/components/dashboard/__tests__/ClaimButton.test.tsx (4 tests) 377ms
   ✓ ClaimButton > renders default state  310ms
 ❯ src/__tests__/components/TelemetryWidget.test.tsx (5 tests | 1 failed) 3637ms
   ✓ TelemetryWidget > renders loading state initially 55ms
   ✓ TelemetryWidget > renders successful data correctly  931ms
   ✓ TelemetryWidget > renders empty state when available: false  815ms
   × TelemetryWidget > renders error state on fetch failure 1013ms
     → Unable to find an element by: [data-testid="telemetry-error"]

Ignored nodes: comments, script, style
[36m<body>[39m
  [36m<div>[39m
    [36m<div[39m
      [33mclass[39m=[32m"min-h-[400px] w-full flex flex-col items-center justify-center p-8 bg-zinc-50 border border-zinc-200 rounded-2xl mx-auto max-w-2xl text-center"[39m
    [36m>[39m
      [36m<div[39m
        [33mclass[39m=[32m"w-16 h-16 rounded-full bg-red-100 flex items-center justify-center mb-6"[39m
      [36m>[39m
        [36m<svg[39m
          [33mclass[39m=[32m"w-8 h-8 text-red-500"[39m
          [33mfill[39m=[32m"none"[39m
          [33mstroke[39m=[32m"currentColor"[39m
          [33mviewBox[39m=[32m"0 0 24 24"[39m
          [33mxmlns[39m=[32m"http://www.w3.org/2000/svg"[39m
        [36m>[39m
          [36m<path[39m
            [33md[39m=[32m"M12 8v4m0 4h.01M21 12a9 9 0 11-18 0 9 9 0 0118 0z"[39m
            [33mstroke-linecap[39m=[32m"round"[39m
            [33mstroke-linejoin[39m=[32m"round"[39m
            [33mstroke-width[39m=[32m"2"[39m
          [36m/>[39m
        [36m</svg>[39m
      [36m</div>[39m
      [36m<h3[39m
        [33mclass[39m=[32m"text-xl font-semibold text-zinc-900 mb-2"[39m
      [36m>[39m
        [0mRpcError.title[0m
      [36m</h3>[39m
      [36m<p[39m
        [33mclass[39m=[32m"text-zinc-500 mb-8 max-w-md"[39m
      [36m>[39m
        [0mRpcError.description[0m
      [36m</p>[39m
      [36m<button[39m
        [33mclass[39m=[32m"px-6 py-2.5 bg-zinc-900 text-white rounded-full font-medium hover:bg-zinc-800 transition-colors"[39m
      [36m>[39m
        [0mRpcError.retry[0m
      [36m</button>[39m
    [36m</div>[39m
  [36m</div>[39m
[36m</body>[39m

Ignored nodes: comments, script, style
[36m<html>[39m
  [36m<head />[39m
  [36m<body>[39m
    [36m<div>[39m
      [36m<div[39m
        [33mclass[39m=[32m"min-h-[400px] w-full flex flex-col items-center justify-center p-8 bg-zinc-50 border border-zinc-200 rounded-2xl mx-auto max-w-2xl text-center"[39m
      [36m>[39m
        [36m<div[39m
          [33mclass[39m=[32m"w-16 h-16 rounded-full bg-red-100 flex items-center justify-center mb-6"[39m
        [36m>[39m
          [36m<svg[39m
            [33mclass[39m=[32m"w-8 h-8 text-red-500"[39m
            [33mfill[39m=[32m"none"[39m
            [33mstroke[39m=[32m"currentColor"[39m
            [33mviewBox[39m=[32m"0 0 24 24"[39m
            [33mxmlns[39m=[32m"http://www.w3.org/2000/svg"[39m
          [36m>[39m
            [36m<path[39m
              [33md[39m=[32m"M12 8v4m0 4h.01M21 12a9 9 0 11-18 0 9 9 0 0118 0z"[39m
              [33mstroke-linecap[39m=[32m"round"[39m
              [33mstroke-linejoin[39m=[32m"round"[39m
              [33mstroke-width[39m=[32m"2"[39m
            [36m/>[39m
          [36m</svg>[39m
        [36m</div>[39m
        [36m<h3[39m
          [33mclass[39m=[32m"text-xl font-semibold text-zinc-900 mb-2"[39m
        [36m>[39m
          [0mRpcError.title[0m
        [36m</h3>[39m
        [36m<p[39m
          [33mclass[39m=[32m"text-zinc-500 mb-8 max-w-md"[39m
        [36m>[39m
          [0mRpcError.description[0m
        [36m</p>[39m
        [36m<button[39m
          [33mclass[39m=[32m"px-6 py-2.5 bg-zinc-900 text-white rounded-full font-medium hover:bg-zinc-800 transition-colors"[39m
        [36m>[39m
          [0mRpcError.retry[0m
        [36m</button>[39m
      [36m</div>[39m
    [36m</div>[39m
  [36m</body>[39m
[36m</html>[39m
   ✓ TelemetryWidget > handles stale data correctly  820ms
 ✓ src/app/[locale]/payouts/__tests__/page.test.tsx (2 tests) 133ms
 ✓ src/components/dashboard/__tests__/HoldingsTable.test.tsx (2 tests) 224ms
 ✓ src/components/__tests__/Badge.test.tsx (4 tests) 174ms
 ✓ src/components/__tests__/asset/InvestButton.test.tsx (3 tests) 149ms
 ✓ src/components/shared/ConnectionStatus.test.tsx (3 tests) 316ms
 ✓ src/components/dashboard/__tests__/PortfolioSummary.test.tsx (1 test) 183ms
 ✓ src/components/ui/__tests__/TransactionStatus.test.tsx (4 tests) 190ms
 ✓ src/hooks/__tests__/useInvest.test.tsx (6 tests) 180ms
 ✓ src/lib/solana/__tests__/pda.test.ts (5 tests) 16ms
 ✓ src/components/__tests__/asset/CountdownTimer.test.tsx (4 tests) 123ms
 ✓ src/components/__tests__/Card.test.tsx (2 tests) 104ms
 ✓ src/lib/solana/__tests__/instructions.test.ts (4 tests) 14ms
 ✓ src/hooks/__tests__/useTransactionConfirmation.test.tsx (2 tests) 133ms
 ✓ src/components/kyc/__tests__/WhitelistGate.test.tsx (4 tests) 134ms
 ✓ src/hooks/__tests__/useClaim.test.tsx (5 tests) 284ms
 ✓ src/hooks/__tests__/useDashboard.test.ts (2 tests) 595ms
   ✓ useDashboard > computes metrics properly when loaded with mocked on-chain data  483ms

 Test Files  3 failed | 25 passed (28)
      Tests  2 failed | 89 passed (91)
   Start at  12:56:05
   Duration  15.15s (transform 1.65s, setup 6.00s, collect 20.94s, tests 10.97s, environment 45.36s, prepare 4.61s)

